[ecourse.asu.apeejay.edu/login/index.html]
[backblue.gif]
[fade.gif]
[index.html]
[ecourse.asu.apeejay.edu/theme/combo77f0]
[ecourse.asu.apeejay.edu/theme/boost/style/customstyle/style-custom.css]
[ecourse.asu.apeejay.edu/lib/javascript.php/1655981946/lib/babel-polyfill/javascript.php]
[ecourse.asu.apeejay.edu/lib/javascript.php/1655981946/lib/polyfills/javascript.php]
[ecourse.asu.apeejay.edu/theme/combo245a]
[ecourse.asu.apeejay.edu/lib/javascript.php/1655981946/lib/javascript.php]
[ecourse.asu.apeejay.edu/pluginfile.php/1/core_admin/logo/0x200/1656399972/logo.png]
[ecourse.asu.apeejay.edu/login/forgot_password.html]
[ecourse.asu.apeejay.edu/login/index.html]
[ecourse.asu.apeejay.edu/theme/sprite_icons488d.png]
[ecourse.asu.apeejay.edu/theme/combo77f0]
[ecourse.asu.apeejay.edu/theme/boost/style/customstyle/bg-login.jpg]
[ecourse.asu.apeejay.edu/theme/boost/style/customstyle/style-custom.css]
[ecourse.asu.apeejay.edu/pluginfile.php/1/core_admin/logocompact/300x300/1656399972/logo-compact.png]
[ecourse.asu.apeejay.edu/login/forgot_password.html]
[ecourse.asu.apeejay.edu/lib/javascript.php/1655981946/lib/requirejs/javascript.php]
